kotlin version: 1.9.22
error message: org.jetbrains.kotlin.util.KotlinFrontEndException: Front-end Internal error: Failed to analyze declaration drawable
File being compiled: (26,3) in /workspace/shared/build/generated/compose/resourceGenerator/kotlin/multiplatformvideoplayer/shared/generated/resources/Res.kt
The root cause java.lang.AssertionError was thrown at: org.jetbrains.kotlin.builtins.KotlinBuiltIns$3.invoke(KotlinBuiltIns.java:93)
	at org.jetbrains.kotlin.resolve.ExceptionWrappingKtVisitorVoid.visitDeclaration(ExceptionWrappingKtVisitorVoid.kt:43)
	at org.jetbrains.kotlin.psi.KtVisitorVoid.visitDeclaration(KtVisitorVoid.java:461)
	at org.jetbrains.kotlin.psi.KtVisitorVoid.visitDeclaration(KtVisitorVoid.java:21)
	at org.jetbrains.kotlin.psi.KtVisitor.visitNamedDeclaration(KtVisitor.java:406)
	at org.jetbrains.kotlin.psi.KtVisitorVoid.visitNamedDeclaration(KtVisitorVoid.java:385)
	at org.jetbrains.kotlin.psi.KtVisitorVoid.visitNamedDeclaration(KtVisitorVoid.java:973)
	at org.jetbrains.kotlin.psi.KtVisitorVoid.visitNamedDeclaration(KtVisitorVoid.java:21)
	at org.jetbrains.kotlin.psi.KtVisitor.visitClassOrObject(KtVisitor.java:41)
	at org.jetbrains.kotlin.psi.KtVisitorVoid.visitClassOrObject(KtVisitorVoid.java:37)
	at org.jetbrains.kotlin.psi.KtVisitorVoid.visitClassOrObject(KtVisitorVoid.java:473)
	at org.jetbrains.kotlin.psi.KtVisitorVoid.visitClassOrObject(KtVisitorVoid.java:21)
	at org.jetbrains.kotlin.psi.KtVisitor.visitObjectDeclaration(KtVisitor.java:37)
	at org.jetbrains.kotlin.psi.KtVisitorVoid.visitObjectDeclaration(KtVisitorVoid.java:421)
	at org.jetbrains.kotlin.psi.KtVisitorVoid.visitObjectDeclaration(KtVisitorVoid.java:1027)
	at org.jetbrains.kotlin.psi.KtVisitorVoid.visitObjectDeclaration(KtVisitorVoid.java:21)
	at org.jetbrains.kotlin.psi.KtObjectDeclaration.accept(KtObjectDeclaration.kt:63)
	at org.jetbrains.kotlin.psi.KtElementImplStub.accept(KtElementImplStub.java:49)
	at org.jetbrains.kotlin.resolve.LazyTopDownAnalyzer$analyzeDeclarations$1.registerDeclarations(LazyTopDownAnalyzer.kt:80)
	at org.jetbrains.kotlin.resolve.LazyTopDownAnalyzer$analyzeDeclarations$1.visitClassOrObject(LazyTopDownAnalyzer.kt:123)
	at org.jetbrains.kotlin.resolve.LazyTopDownAnalyzer$analyzeDeclarations$1.visitObjectDeclaration(LazyTopDownAnalyzer.kt:175)
	at org.jetbrains.kotlin.psi.KtVisitorVoid.visitObjectDeclaration(KtVisitorVoid.java:1027)
	at org.jetbrains.kotlin.psi.KtVisitorVoid.visitObjectDeclaration(KtVisitorVoid.java:21)
	at org.jetbrains.kotlin.psi.KtObjectDeclaration.accept(KtObjectDeclaration.kt:63)
	at org.jetbrains.kotlin.psi.KtElementImplStub.accept(KtElementImplStub.java:49)
	at org.jetbrains.kotlin.resolve.ExceptionWrappingKtVisitorVoid.visitDeclaration(ExceptionWrappingKtVisitorVoid.kt:32)
	at org.jetbrains.kotlin.psi.KtVisitorVoid.visitDeclaration(KtVisitorVoid.java:461)
	at org.jetbrains.kotlin.psi.KtVisitorVoid.visitDeclaration(KtVisitorVoid.java:21)
	at org.jetbrains.kotlin.psi.KtVisitor.visitNamedDeclaration(KtVisitor.java:406)
	at org.jetbrains.kotlin.psi.KtVisitorVoid.visitNamedDeclaration(KtVisitorVoid.java:385)
	at org.jetbrains.kotlin.psi.KtVisitorVoid.visitNamedDeclaration(KtVisitorVoid.java:973)
	at org.jetbrains.kotlin.psi.KtVisitorVoid.visitNamedDeclaration(KtVisitorVoid.java:21)
	at org.jetbrains.kotlin.psi.KtVisitor.visitClassOrObject(KtVisitor.java:41)
	at org.jetbrains.kotlin.psi.KtVisitorVoid.visitClassOrObject(KtVisitorVoid.java:37)
	at org.jetbrains.kotlin.psi.KtVisitorVoid.visitClassOrObject(KtVisitorVoid.java:473)
	at org.jetbrains.kotlin.psi.KtVisitorVoid.visitClassOrObject(KtVisitorVoid.java:21)
	at org.jetbrains.kotlin.psi.KtVisitor.visitObjectDeclaration(KtVisitor.java:37)
	at org.jetbrains.kotlin.psi.KtVisitorVoid.visitObjectDeclaration(KtVisitorVoid.java:421)
	at org.jetbrains.kotlin.psi.KtVisitorVoid.visitObjectDeclaration(KtVisitorVoid.java:1027)
	at org.jetbrains.kotlin.psi.KtVisitorVoid.visitObjectDeclaration(KtVisitorVoid.java:21)
	at org.jetbrains.kotlin.psi.KtObjectDeclaration.accept(KtObjectDeclaration.kt:63)
	at org.jetbrains.kotlin.psi.KtElementImplStub.accept(KtElementImplStub.java:49)
	at org.jetbrains.kotlin.resolve.LazyTopDownAnalyzer$analyzeDeclarations$1.registerDeclarations(LazyTopDownAnalyzer.kt:80)
	at org.jetbrains.kotlin.resolve.LazyTopDownAnalyzer$analyzeDeclarations$1.visitKtFile(LazyTopDownAnalyzer.kt:98)
	at org.jetbrains.kotlin.psi.KtVisitorVoid.visitKtFile(KtVisitorVoid.java:521)
	at org.jetbrains.kotlin.psi.KtVisitorVoid.visitKtFile(KtVisitorVoid.java:21)
	at org.jetbrains.kotlin.psi.KtFile.accept(KtFile.kt:254)
	at org.jetbrains.kotlin.psi.KtFile.accept(KtFile.kt:241)
	at org.jetbrains.kotlin.resolve.ExceptionWrappingKtVisitorVoid.visitElement(ExceptionWrappingKtVisitorVoid.kt:27)
	at org.jetbrains.kotlin.com.intellij.psi.PsiElementVisitor.visitFile(PsiElementVisitor.java:35)
	at org.jetbrains.kotlin.psi.KtVisitor.visitKtFile(KtVisitor.java:73)
	at org.jetbrains.kotlin.psi.KtVisitorVoid.visitKtFile(KtVisitorVoid.java:69)
	at org.jetbrains.kotlin.psi.KtVisitorVoid.visitKtFile(KtVisitorVoid.java:521)
	at org.jetbrains.kotlin.psi.KtVisitorVoid.visitKtFile(KtVisitorVoid.java:21)
	at org.jetbrains.kotlin.psi.KtFile.accept(KtFile.kt:254)
	at org.jetbrains.kotlin.psi.KtFile.accept(KtFile.kt:241)
	at org.jetbrains.kotlin.resolve.LazyTopDownAnalyzer.analyzeDeclarations(LazyTopDownAnalyzer.kt:203)
	at org.jetbrains.kotlin.resolve.LazyTopDownAnalyzer.analyzeDeclarations$default(LazyTopDownAnalyzer.kt:58)
	at org.jetbrains.kotlin.js.analyze.AbstractTopDownAnalyzerFacadeForWeb.analyzeFilesWithGivenTrace(TopDownAnalyzerFacadeForJS.kt:144)
	at org.jetbrains.kotlin.js.analyze.AbstractTopDownAnalyzerFacadeForWeb.analyzeFiles(TopDownAnalyzerFacadeForJS.kt:94)
	at org.jetbrains.kotlin.ir.backend.js.ModulesStructure$runAnalysis$1.invoke(klib.kt:534)
	at org.jetbrains.kotlin.ir.backend.js.ModulesStructure$runAnalysis$1.invoke(klib.kt:533)
	at org.jetbrains.kotlin.cli.common.messages.AnalyzerWithCompilerReport.analyzeAndReport(AnalyzerWithCompilerReport.kt:115)
	at org.jetbrains.kotlin.ir.backend.js.ModulesStructure.runAnalysis(klib.kt:533)
	at org.jetbrains.kotlin.ir.backend.js.PrepareAnalyzedSourceModuleKt.prepareAnalyzedSourceModule(prepareAnalyzedSourceModule.kt:30)
	at org.jetbrains.kotlin.ir.backend.js.PrepareAnalyzedSourceModuleKt.prepareAnalyzedSourceModule$default(prepareAnalyzedSourceModule.kt:17)
	at org.jetbrains.kotlin.cli.js.K2JsIrCompiler.processSourceModule(K2JsIrCompiler.kt:427)
	at org.jetbrains.kotlin.cli.js.K2JsIrCompiler.doExecute(K2JsIrCompiler.kt:273)
	at org.jetbrains.kotlin.cli.js.K2JSCompiler.doExecute(K2JSCompiler.java:181)
	at org.jetbrains.kotlin.cli.js.K2JSCompiler.doExecute(K2JSCompiler.java:72)
	at org.jetbrains.kotlin.cli.common.CLICompiler.execImpl(CLICompiler.kt:104)
	at org.jetbrains.kotlin.cli.common.CLICompiler.execImpl(CLICompiler.kt:48)
	at org.jetbrains.kotlin.cli.common.CLITool.exec(CLITool.kt:101)
	at org.jetbrains.kotlin.incremental.IncrementalJsCompilerRunner.runCompiler(IncrementalJsCompilerRunner.kt:218)
	at org.jetbrains.kotlin.incremental.IncrementalJsCompilerRunner.runCompiler(IncrementalJsCompilerRunner.kt:86)
	at org.jetbrains.kotlin.incremental.IncrementalCompilerRunner.doCompile(IncrementalCompilerRunner.kt:477)
	at org.jetbrains.kotlin.incremental.IncrementalCompilerRunner.compileImpl(IncrementalCompilerRunner.kt:400)
	at org.jetbrains.kotlin.incremental.IncrementalCompilerRunner.compileNonIncrementally(IncrementalCompilerRunner.kt:281)
	at org.jetbrains.kotlin.incremental.IncrementalCompilerRunner.compile(IncrementalCompilerRunner.kt:125)
	at org.jetbrains.kotlin.incremental.IncrementalCompilerRunner.compile$default(IncrementalCompilerRunner.kt:109)
	at org.jetbrains.kotlin.daemon.CompileServiceImplBase.execJsIncrementalCompiler(CompileServiceImpl.kt:579)
	at org.jetbrains.kotlin.daemon.CompileServiceImplBase.access$execJsIncrementalCompiler(CompileServiceImpl.kt:105)
	at org.jetbrains.kotlin.daemon.CompileServiceImpl.compile(CompileServiceImpl.kt:1715)
	at java.base/jdk.internal.reflect.NativeMethodAccessorImpl.invoke0(Native Method)
	at java.base/jdk.internal.reflect.NativeMethodAccessorImpl.invoke(NativeMethodAccessorImpl.java:77)
	at java.base/jdk.internal.reflect.DelegatingMethodAccessorImpl.invoke(DelegatingMethodAccessorImpl.java:43)
	at java.base/java.lang.reflect.Method.invoke(Method.java:568)
	at java.rmi/sun.rmi.server.UnicastServerRef.dispatch(UnicastServerRef.java:360)
	at java.rmi/sun.rmi.transport.Transport$1.run(Transport.java:200)
	at java.rmi/sun.rmi.transport.Transport$1.run(Transport.java:197)
	at java.base/java.security.AccessController.doPrivileged(AccessController.java:712)
	at java.rmi/sun.rmi.transport.Transport.serviceCall(Transport.java:196)
	at java.rmi/sun.rmi.transport.tcp.TCPTransport.handleMessages(TCPTransport.java:587)
	at java.rmi/sun.rmi.transport.tcp.TCPTransport$ConnectionHandler.run0(TCPTransport.java:828)
	at java.rmi/sun.rmi.transport.tcp.TCPTransport$ConnectionHandler.lambda$run$0(TCPTransport.java:705)
	at java.base/java.security.AccessController.doPrivileged(AccessController.java:399)
	at java.rmi/sun.rmi.transport.tcp.TCPTransport$ConnectionHandler.run(TCPTransport.java:704)
	at java.base/java.util.concurrent.ThreadPoolExecutor.runWorker(ThreadPoolExecutor.java:1136)
	at java.base/java.util.concurrent.ThreadPoolExecutor$Worker.run(ThreadPoolExecutor.java:635)
	at java.base/java.lang.Thread.run(Thread.java:833)
Caused by: java.lang.AssertionError: Built-in class kotlin.Any is not found
	at org.jetbrains.kotlin.builtins.KotlinBuiltIns$3.invoke(KotlinBuiltIns.java:93)
	at org.jetbrains.kotlin.builtins.KotlinBuiltIns$3.invoke(KotlinBuiltIns.java:88)
	at org.jetbrains.kotlin.storage.LockBasedStorageManager$MapBasedMemoizedFunction.invoke(LockBasedStorageManager.java:578)
	at org.jetbrains.kotlin.storage.LockBasedStorageManager$MapBasedMemoizedFunctionToNotNull.invoke(LockBasedStorageManager.java:681)
	at org.jetbrains.kotlin.builtins.KotlinBuiltIns.getBuiltInClassByName(KotlinBuiltIns.java:223)
	at org.jetbrains.kotlin.builtins.KotlinBuiltIns.getAny(KotlinBuiltIns.java:228)
	at org.jetbrains.kotlin.builtins.KotlinBuiltIns.getAnyType(KotlinBuiltIns.java:504)
	at org.jetbrains.kotlin.descriptors.NotFoundClasses$MockClassDescriptor.<init>(NotFoundClasses.kt:62)
	at org.jetbrains.kotlin.descriptors.NotFoundClasses$classes$1.invoke(NotFoundClasses.kt:45)
	at org.jetbrains.kotlin.descriptors.NotFoundClasses$classes$1.invoke(NotFoundClasses.kt:33)
	at org.jetbrains.kotlin.storage.LockBasedStorageManager$MapBasedMemoizedFunction.invoke(LockBasedStorageManager.java:578)
	at org.jetbrains.kotlin.storage.LockBasedStorageManager$MapBasedMemoizedFunctionToNotNull.invoke(LockBasedStorageManager.java:681)
	at org.jetbrains.kotlin.descriptors.NotFoundClasses.getClass(NotFoundClasses.kt:97)
	at org.jetbrains.kotlin.descriptors.FindClassInModuleKt.findNonGenericClassAcrossDependencies(findClassInModule.kt:59)
	at org.jetbrains.kotlin.serialization.deserialization.AnnotationDeserializer.resolveClass(AnnotationDeserializer.kt:124)
	at org.jetbrains.kotlin.serialization.deserialization.AnnotationDeserializer.deserializeAnnotation(AnnotationDeserializer.kt:41)
	at org.jetbrains.kotlin.serialization.deserialization.AnnotationAndConstantLoaderImpl.loadClassAnnotations(AnnotationAndConstantLoaderImpl.kt:39)
	at org.jetbrains.kotlin.serialization.deserialization.descriptors.DeserializedClassDescriptor$annotations$1.invoke(DeserializedClassDescriptor.kt:96)
	at org.jetbrains.kotlin.serialization.deserialization.descriptors.DeserializedClassDescriptor$annotations$1.invoke(DeserializedClassDescriptor.kt:95)
	at org.jetbrains.kotlin.storage.LockBasedStorageManager$LockBasedLazyValue.invoke(LockBasedStorageManager.java:408)
	at org.jetbrains.kotlin.storage.LockBasedStorageManager$LockBasedNotNullLazyValue.invoke(LockBasedStorageManager.java:527)
	at org.jetbrains.kotlin.storage.StorageKt.getValue(storage.kt:42)
	at org.jetbrains.kotlin.serialization.deserialization.descriptors.DeserializedAnnotations.getAnnotations(DeserializedAnnotations.kt:28)
	at org.jetbrains.kotlin.serialization.deserialization.descriptors.DeserializedAnnotations.iterator(DeserializedAnnotations.kt:32)
	at org.jetbrains.kotlin.descriptors.annotations.Annotations$DefaultImpls.findAnnotation(Annotations.kt:124)
	at org.jetbrains.kotlin.serialization.deserialization.descriptors.DeserializedAnnotations.findAnnotation(DeserializedAnnotations.kt:24)
	at org.jetbrains.kotlin.descriptors.annotations.Annotations$DefaultImpls.hasAnnotation(Annotations.kt:31)
	at org.jetbrains.kotlin.serialization.deserialization.descriptors.DeserializedAnnotations.hasAnnotation(DeserializedAnnotations.kt:24)
	at org.jetbrains.kotlinx.serialization.compiler.resolve.KSerializationUtilKt.isMetaSerializableAnnotation(KSerializationUtil.kt:191)
	at org.jetbrains.kotlinx.serialization.compiler.resolve.KSerializationUtilKt.getHasMetaSerializableAnnotation(KSerializationUtil.kt:188)
	at org.jetbrains.kotlinx.serialization.compiler.resolve.KSerializationUtilKt.getHasSerializableOrMetaAnnotation(KSerializationUtil.kt:179)
	at org.jetbrains.kotlinx.serialization.compiler.resolve.KSerializationUtilKt.isSerializableObject(KSerializationUtil.kt:123)
	at org.jetbrains.kotlinx.serialization.compiler.resolve.KSerializationUtilKt.getShouldHaveGeneratedMethodsInCompanion(KSerializationUtil.kt:116)
	at org.jetbrains.kotlinx.serialization.compiler.extensions.SerializationResolveExtension.getSyntheticCompanionObjectNameIfNeeded(SerializationResolveExtension.kt:84)
	at org.jetbrains.kotlin.resolve.extensions.SyntheticResolveExtension$Companion$getInstance$1.getSyntheticCompanionObjectNameIfNeeded(SyntheticResolveExtension.kt:82)
	at org.jetbrains.kotlin.resolve.lazy.descriptors.LazyClassMemberScope.generateSyntheticCompanionObject(LazyClassMemberScope.kt:399)
	at org.jetbrains.kotlin.resolve.lazy.descriptors.LazyClassMemberScope.getNonDeclaredClasses(LazyClassMemberScope.kt:286)
	at org.jetbrains.kotlin.resolve.lazy.descriptors.AbstractLazyMemberScope.doGetClasses(AbstractLazyMemberScope.kt:70)
	at org.jetbrains.kotlin.resolve.lazy.descriptors.AbstractLazyMemberScope.access$doGetClasses(AbstractLazyMemberScope.kt:38)
	at org.jetbrains.kotlin.resolve.lazy.descriptors.AbstractLazyMemberScope$classDescriptors$1.invoke(AbstractLazyMemberScope.kt:49)
	at org.jetbrains.kotlin.resolve.lazy.descriptors.AbstractLazyMemberScope$classDescriptors$1.invoke(AbstractLazyMemberScope.kt:49)
	at org.jetbrains.kotlin.storage.LockBasedStorageManager$MapBasedMemoizedFunction.invoke(LockBasedStorageManager.java:578)
	at org.jetbrains.kotlin.storage.LockBasedStorageManager$MapBasedMemoizedFunctionToNotNull.invoke(LockBasedStorageManager.java:681)
	at org.jetbrains.kotlin.resolve.lazy.descriptors.AbstractLazyMemberScope.getContributedClassifier(AbstractLazyMemberScope.kt:77)
	at org.jetbrains.kotlin.resolve.lazy.LazyDeclarationResolver.findClassDescriptorIfAny(LazyDeclarationResolver.kt:77)
	at org.jetbrains.kotlin.resolve.lazy.LazyDeclarationResolver.findClassDescriptor(LazyDeclarationResolver.kt:87)
	at org.jetbrains.kotlin.resolve.lazy.LazyDeclarationResolver.getClassDescriptor(LazyDeclarationResolver.kt:62)
	at org.jetbrains.kotlin.resolve.LazyTopDownAnalyzer$analyzeDeclarations$1.visitClassOrObject(LazyTopDownAnalyzer.kt:120)
	at org.jetbrains.kotlin.resolve.LazyTopDownAnalyzer$analyzeDeclarations$1.visitObjectDeclaration(LazyTopDownAnalyzer.kt:175)
	at org.jetbrains.kotlin.psi.KtVisitorVoid.visitObjectDeclaration(KtVisitorVoid.java:1027)
	at org.jetbrains.kotlin.psi.KtVisitorVoid.visitObjectDeclaration(KtVisitorVoid.java:21)
	at org.jetbrains.kotlin.psi.KtObjectDeclaration.accept(KtObjectDeclaration.kt:63)
	at org.jetbrains.kotlin.psi.KtElementImplStub.accept(KtElementImplStub.java:49)
	at org.jetbrains.kotlin.resolve.ExceptionWrappingKtVisitorVoid.visitDeclaration(ExceptionWrappingKtVisitorVoid.kt:32)
	... 98 more


